// Jest Snapshot v1, https://goo.gl/fbAQLP

exports[`

  REACT COMPONENT TESTS App component renders 1`] = `
<div>
  <h1>
    Helloaa
  </h1>
  <form
    className="sc-bdvvtL iAJKBS"
    onSubmit={[Function]}
  >
    <div
      className="sc-gsDKAQ jvsFNb"
    >
      <div
        className="sc-eCImPb KqFGh"
      >
        <label
          htmlFor="millManager"
        >
          Mill Manager
        </label>
        <input
          className="production-form-input"
          htmlFor="millManager"
          id="millManager"
          label="Mill Manager"
          name="millManager"
          onChange={[Function]}
          required={true}
          type="text"
          value=""
        />
      </div>
      <div
        className="sc-eCImPb KqFGh"
      >
        <label
          htmlFor="logDate"
        >
          Log Date
        </label>
        <input
          className="production-form-input"
          htmlFor="logDate"
          id="logDate"
          label="Log Date"
          name="logDate"
          onChange={[Function]}
          required={true}
          type="date"
          value=""
        />
      </div>
    </div>
    <div
      className="sc-dkPtRN hqrnbL"
    >
      <div
        className="shift-production-wrapper"
      >
        <h3>
          Shift Production
        </h3>
        <ul
          className="shift-production-tabs"
        >
          <li
            id="firstShift"
            onClick={[Function]}
            style={
              Object {
                "backgroundColor": "gray",
              }
            }
          >
            First Shift
          </li>
          <li
            id="secondShift"
            onClick={[Function]}
            style={
              Object {
                "backgroundColor": "",
              }
            }
          >
            Second Shift
          </li>
          <li
            id="thirdShift"
            onClick={[Function]}
            style={
              Object {
                "backgroundColor": "",
              }
            }
          >
            Third Shift
          </li>
        </ul>
        <div
          className="shift-production-section"
        >
          <h4>
            First Shift
          </h4>
          <div
            className="sc-eCImPb KqFGh"
          >
            <label
              htmlFor="firstShiftManager"
            >
              Shift Manager
            </label>
            <input
              className="production-form-input"
              htmlFor="firstShiftManager"
              id="firstShiftManager"
              label="Shift Manager"
              name="firstShiftManager"
              onChange={[Function]}
              required={true}
              type="text"
              value=""
            />
          </div>
          <div>
            <p>
              Material Type
            </p>
            <div
              className="sc-eCImPb KqFGh"
            >
              <label
                htmlFor="firstShiftMaterialStarched"
              >
                Starched
              </label>
              <input
                checked={false}
                className="production-form-input"
                htmlFor="firstShiftMaterialStarched"
                id="firstShiftMaterialStarched"
                label="Starched"
                name="firstShiftMaterialStarched"
                onChange={[Function]}
                type="checkbox"
              />
            </div>
            <div
              className="sc-eCImPb KqFGh"
            >
              <label
                htmlFor="firstShiftMaterialWeight"
              >
                Weight
              </label>
              <input
                className="production-form-input"
                htmlFor="firstShiftMaterialWeight"
                id="firstShiftMaterialWeight"
                label="Weight"
                min="0"
                name="firstShiftMaterialWeight"
                onChange={[Function]}
                required={true}
                type="number"
                value=""
              />
            </div>
          </div>
          <div
            className="sc-eCImPb KqFGh"
          >
            <label
              htmlFor="firstShiftMaterialProduced"
            >
              Material Produced
            </label>
            <input
              className="production-form-input"
              htmlFor="firstShiftMaterialProduced"
              id="firstShiftMaterialProduced"
              label="Material Produced"
              min="0"
              name="firstShiftMaterialProduced"
              onChange={[Function]}
              required={true}
              type="number"
              value=""
            />
          </div>
          <div
            className="sc-eCImPb KqFGh"
          >
            <label
              htmlFor="firstShiftRawMaterialConsumed"
            >
              Raw Material Consumed
            </label>
            <input
              className="production-form-input"
              htmlFor="firstShiftRawMaterialConsumed"
              id="firstShiftRawMaterialConsumed"
              label="Raw Material Consumed"
              min="0"
              name="firstShiftRawMaterialConsumed"
              onChange={[Function]}
              required={true}
              type="number"
              value=""
            />
          </div>
        </div>
        
        
      </div>
    </div>
    <div
      className="sc-hKwDye esucPI"
    >
      <div
        className="sc-eCImPb KqFGh"
      >
        <label
          htmlFor="coalUsed"
        >
          Coal Used
        </label>
        <input
          className="production-form-input"
          htmlFor="coalUsed"
          id="coalUsed"
          label="Coal Used"
          min="0"
          name="coalUsed"
          onChange={[Function]}
          required={true}
          type="number"
          value=""
        />
      </div>
      <div
        className="sc-eCImPb KqFGh"
      >
        <label
          htmlFor="electricityConsumed"
        >
          Electricity Consumed
        </label>
        <input
          className="production-form-input"
          htmlFor="electricityConsumed"
          id="electricityConsumed"
          label="Electricity Consumed"
          min="0"
          name="electricityConsumed"
          onChange={[Function]}
          required={true}
          type="number"
          value=""
        />
      </div>
      <div
        className="sc-eCImPb KqFGh"
      >
        <label
          htmlFor="starchConsumed"
        >
          Starch Consumed
        </label>
        <input
          className="production-form-input"
          htmlFor="starchConsumed"
          id="starchConsumed"
          label="Starch Consumed"
          min="0"
          name="starchConsumed"
          onChange={[Function]}
          required={true}
          type="number"
          value=""
        />
      </div>
      <div
        className="sc-eCImPb KqFGh"
      >
        <label
          htmlFor="polycationicConsumed"
        >
          Polycationic Consumed
        </label>
        <input
          className="production-form-input"
          htmlFor="polycationicConsumed"
          id="polycationicConsumed"
          label="Polycationic Consumed"
          min="0"
          name="polycationicConsumed"
          onChange={[Function]}
          required={true}
          type="number"
          value=""
        />
      </div>
      <div
        className="sc-eCImPb KqFGh"
      >
        <label
          htmlFor="akdConsumed"
        >
          AKD Consumed
        </label>
        <input
          className="production-form-input"
          htmlFor="akdConsumed"
          id="akdConsumed"
          label="AKD Consumed"
          min="0"
          name="akdConsumed"
          onChange={[Function]}
          required={true}
          type="number"
          value=""
        />
      </div>
      <div
        className="sc-eCImPb KqFGh"
      >
        <label
          htmlFor="antifoamConsumed"
        >
          Antifoam
        </label>
        <input
          className="production-form-input"
          htmlFor="antifoamConsumed"
          id="antifoamConsumed"
          label="Antifoam"
          min="0"
          name="antifoamConsumed"
          onChange={[Function]}
          required={true}
          type="number"
          value=""
        />
      </div>
      <div
        className="sc-eCImPb KqFGh"
      >
        <label
          htmlFor="dispro51Consumed"
        >
          Dispro 51 Consumed
        </label>
        <input
          className="production-form-input"
          htmlFor="dispro51Consumed"
          id="dispro51Consumed"
          label="Dispro 51 Consumed"
          min="0"
          name="dispro51Consumed"
          onChange={[Function]}
          required={true}
          type="number"
          value=""
        />
      </div>
      <div
        className="sc-eCImPb KqFGh"
      >
        <label
          htmlFor="timeLost"
        >
          Time Lost
        </label>
        <input
          className="production-form-input"
          htmlFor="timeLost"
          id="timeLost"
          label="Time Lost"
          max="24"
          min="0"
          name="timeLost"
          onChange={[Function]}
          required={true}
          type="number"
          value=""
        />
      </div>
    </div>
    <div>
      <button
        type="submit"
      >
        Submit
      </button>
    </div>
    <pre>
      {
    "millManager": "",
    "logDate": "",
    "firstShiftManager": "",
    "firstShiftMaterialStarched": false,
    "firstShiftMaterialWeight": "",
    "firstShiftMaterialProduced": "",
    "firstShiftRawMaterialConsumed": "",
    "secondShiftManager": "",
    "secondShiftMaterialStarched": false,
    "secondShiftMaterialWeight": "",
    "secondShiftMaterialProduced": "",
    "secondShiftRawMaterialConsumed": "",
    "thirdShiftManager": "",
    "thirdShiftMaterialStarched": false,
    "thirdShiftMaterialWeight": "",
    "thirdShiftMaterialProduced": "",
    "thirdShiftRawMaterialConsumed": "",
    "coalUsed": "",
    "electricityConsumed": "",
    "starchConsumed": "",
    "polycationicConsumed": "",
    "akdConsumed": "",
    "antifoamConsumed": "",
    "dispro51Consumed": "",
    "timeLost": ""
}
    </pre>
  </form>
  <button
    onClick={[Function]}
  >
    Add
  </button>
  <table
    className="sc-jRQBWg gzIqpy"
    role="table"
  >
    <thead>
      <tr
        role="row"
      >
        <th
          colSpan={2}
          role="columnheader"
        >
          Info
        </th>
        <th
          colSpan={4}
          role="columnheader"
        >
          First Shift
        </th>
      </tr>
      <tr
        role="row"
      >
        <th
          colSpan={1}
          role="columnheader"
        >
          Date
        </th>
        <th
          colSpan={1}
          role="columnheader"
        >
          Manager
        </th>
        <th
          colSpan={1}
          role="columnheader"
        >
          Material Type
        </th>
        <th
          colSpan={1}
          role="columnheader"
        >
          Production
        </th>
        <th
          colSpan={1}
          role="columnheader"
        >
          Raw Material
        </th>
        <th
          colSpan={1}
          role="columnheader"
        >
          Fiber Loss
        </th>
      </tr>
    </thead>
    <tbody
      role="rowgroup"
    >
      <tr
        role="row"
      >
        <td
          role="cell"
        >
          2020-10-01
        </td>
        <td
          role="cell"
        >
          Jorge
        </td>
        <td
          role="cell"
        >
          T-180
        </td>
        <td
          role="cell"
        >
          19900
        </td>
        <td
          role="cell"
        >
          21000
        </td>
        <td
          role="cell"
        >
          5.238095238095238
        </td>
      </tr>
      <tr
        role="row"
      >
        <td
          role="cell"
        >
          2020-10-02
        </td>
        <td
          role="cell"
        >
          Jorge
        </td>
        <td
          role="cell"
        >
          T-180
        </td>
        <td
          role="cell"
        >
          19900
        </td>
        <td
          role="cell"
        >
          21000
        </td>
        <td
          role="cell"
        >
          5.238095238095238
        </td>
      </tr>
      <tr
        role="row"
      >
        <td
          role="cell"
        >
          1995-12-17
        </td>
        <td
          role="cell"
        >
          Jorge
        </td>
        <td
          role="cell"
        >
          T-180
        </td>
        <td
          role="cell"
        >
          19900
        </td>
        <td
          role="cell"
        >
          21000
        </td>
        <td
          role="cell"
        >
          5.238095238095238
        </td>
      </tr>
      <tr
        role="row"
      >
        <td
          role="cell"
        >
          1995-11-17
        </td>
        <td
          role="cell"
        >
          Jorge
        </td>
        <td
          role="cell"
        >
          T-180
        </td>
        <td
          role="cell"
        >
          19900
        </td>
        <td
          role="cell"
        >
          21000
        </td>
        <td
          role="cell"
        >
          5.238095238095238
        </td>
      </tr>
      <tr
        role="row"
      >
        <td
          role="cell"
        >
          1995-11-16
        </td>
        <td
          role="cell"
        >
          Jorge
        </td>
        <td
          role="cell"
        >
          T-180
        </td>
        <td
          role="cell"
        >
          19900
        </td>
        <td
          role="cell"
        >
          21000
        </td>
        <td
          role="cell"
        >
          5.238095238095238
        </td>
      </tr>
      <tr
        role="row"
      >
        <td
          role="cell"
        >
          2018-12-30
        </td>
        <td
          role="cell"
        >
          Jorge
        </td>
        <td
          role="cell"
        >
          T-180
        </td>
        <td
          role="cell"
        >
          19900
        </td>
        <td
          role="cell"
        >
          21000
        </td>
        <td
          role="cell"
        >
          5.238095238095238
        </td>
      </tr>
      <tr
        role="row"
      >
        <td
          role="cell"
        >
          2018-12-31
        </td>
        <td
          role="cell"
        >
          Jorge
        </td>
        <td
          role="cell"
        >
          T-180
        </td>
        <td
          role="cell"
        >
          19900
        </td>
        <td
          role="cell"
        >
          21000
        </td>
        <td
          role="cell"
        >
          5.238095238095238
        </td>
      </tr>
      <tr
        role="row"
      >
        <td
          role="cell"
        >
          2018-12-01
        </td>
        <td
          role="cell"
        >
          Jorge
        </td>
        <td
          role="cell"
        >
          T-180
        </td>
        <td
          role="cell"
        >
          19900
        </td>
        <td
          role="cell"
        >
          21000
        </td>
        <td
          role="cell"
        >
          5.238095238095238
        </td>
      </tr>
      <tr
        role="row"
      >
        <td
          role="cell"
        >
          2018-09-01
        </td>
        <td
          role="cell"
        >
          Jorge
        </td>
        <td
          role="cell"
        >
          T-180
        </td>
        <td
          role="cell"
        >
          19900
        </td>
        <td
          role="cell"
        >
          21000
        </td>
        <td
          role="cell"
        >
          5.238095238095238
        </td>
      </tr>
      <tr
        role="row"
      >
        <td
          role="cell"
        >
          2021-11-04
        </td>
        <td
          role="cell"
        >
          Arcila
        </td>
        <td
          role="cell"
        >
          T-160
        </td>
        <td
          role="cell"
        >
          21000
        </td>
        <td
          role="cell"
        >
          22000
        </td>
        <td
          role="cell"
        >
          4.545454545454546
        </td>
      </tr>
      <tr
        role="row"
      >
        <td
          role="cell"
        >
          2021-11-05
        </td>
        <td
          role="cell"
        >
          Arcila
        </td>
        <td
          role="cell"
        >
          T-160
        </td>
        <td
          role="cell"
        >
          21000
        </td>
        <td
          role="cell"
        >
          22000
        </td>
        <td
          role="cell"
        >
          4.545454545454546
        </td>
      </tr>
    </tbody>
  </table>
  <pre>
    <code>
      [
    {
        "shiftProduction": {
            "firstShift": {
                "materialType": {
                    "starched": true,
                    "weight": 180
                },
                "shiftManager": "Arcila",
                "materialProduced": 19900,
                "rawMaterialConsumed": 21000,
                "_id": "6189afa4b0bcf7da3ecc1ceb",
                "fiberLoss": 5.238095238095238,
                "id": "6189afa4b0bcf7da3ecc1ceb"
            },
            "secondShift": {
                "materialType": {
                    "starched": false,
                    "weight": 160
                },
                "shiftManager": "Pepe",
                "materialProduced": 21900,
                "rawMaterialConsumed": 22100,
                "_id": "6189afa4b0bcf7da3ecc1cec",
                "fiberLoss": 0.904977375565611,
                "id": "6189afa4b0bcf7da3ecc1cec"
            },
            "thirdShift": {
                "materialType": {
                    "starched": true,
                    "weight": 140
                },
                "shiftManager": "Jose",
                "materialProduced": 20900,
                "rawMaterialConsumed": 21100,
                "_id": "6189afa4b0bcf7da3ecc1ced",
                "fiberLoss": 0.9478672985781991,
                "id": "6189afa4b0bcf7da3ecc1ced"
            },
            "totalShiftProduction": 62700,
            "totalShiftMaterialUsed": 64200,
            "totalFiberLoss": 2.336448598130841
        },
        "_id": "6189afa4b0bcf7da3ecc1cea",
        "date": "2020-10-01T00:00:00.000Z",
        "millManager": "Jorge",
        "coalUsed": 3000,
        "electricityConsumed": 212000,
        "starchConsumed": 200,
        "polycationicConsumed": 250,
        "akdConsumed": 300,
        "antifoamConsumed": 220,
        "dispro51Consumed": 222,
        "timeLost": 4,
        "createdAt": "2021-11-08T23:15:48.072Z",
        "updatedAt": "2021-11-08T23:15:48.072Z",
        "__v": 0,
        "id": "6189afa4b0bcf7da3ecc1cea"
    },
    {
        "shiftProduction": {
            "firstShift": {
                "materialType": {
                    "starched": true,
                    "weight": 180
                },
                "shiftManager": "Arcila",
                "materialProduced": 19900,
                "rawMaterialConsumed": 21000,
                "_id": "6189afe8b0bcf7da3ecc1cf5",
                "fiberLoss": 5.238095238095238,
                "id": "6189afe8b0bcf7da3ecc1cf5"
            },
            "secondShift": {
                "materialType": {
                    "starched": false,
                    "weight": 160
                },
                "shiftManager": "Pepe",
                "materialProduced": 21900,
                "rawMaterialConsumed": 22100,
                "_id": "6189afe8b0bcf7da3ecc1cf6",
                "fiberLoss": 0.904977375565611,
                "id": "6189afe8b0bcf7da3ecc1cf6"
            },
            "thirdShift": {
                "materialType": {
                    "starched": true,
                    "weight": 140
                },
                "shiftManager": "Jose",
                "materialProduced": 20900,
                "rawMaterialConsumed": 21100,
                "_id": "6189afe8b0bcf7da3ecc1cf7",
                "fiberLoss": 0.9478672985781991,
                "id": "6189afe8b0bcf7da3ecc1cf7"
            },
            "totalShiftProduction": 62700,
            "totalShiftMaterialUsed": 64200,
            "totalFiberLoss": 2.336448598130841
        },
        "_id": "6189afe8b0bcf7da3ecc1cf4",
        "date": "2020-10-02T00:00:00.000Z",
        "millManager": "Jorge",
        "coalUsed": 3000,
        "electricityConsumed": 212000,
        "starchConsumed": 200,
        "polycationicConsumed": 250,
        "akdConsumed": 300,
        "antifoamConsumed": 220,
        "dispro51Consumed": 222,
        "timeLost": 4,
        "createdAt": "2021-11-08T23:16:56.820Z",
        "updatedAt": "2021-11-08T23:16:56.820Z",
        "__v": 0,
        "id": "6189afe8b0bcf7da3ecc1cf4"
    },
    {
        "shiftProduction": {
            "firstShift": {
                "materialType": {
                    "starched": true,
                    "weight": 180
                },
                "shiftManager": "Arcila",
                "materialProduced": 19900,
                "rawMaterialConsumed": 21000,
                "_id": "6189b29f4ab34dfd17af0d58",
                "fiberLoss": 5.238095238095238,
                "id": "6189b29f4ab34dfd17af0d58"
            },
            "secondShift": {
                "materialType": {
                    "starched": false,
                    "weight": 160
                },
                "shiftManager": "Pepe",
                "materialProduced": 21900,
                "rawMaterialConsumed": 22100,
                "_id": "6189b29f4ab34dfd17af0d59",
                "fiberLoss": 0.904977375565611,
                "id": "6189b29f4ab34dfd17af0d59"
            },
            "thirdShift": {
                "materialType": {
                    "starched": true,
                    "weight": 140
                },
                "shiftManager": "Jose",
                "materialProduced": 20900,
                "rawMaterialConsumed": 21100,
                "_id": "6189b29f4ab34dfd17af0d5a",
                "fiberLoss": 0.9478672985781991,
                "id": "6189b29f4ab34dfd17af0d5a"
            },
            "totalShiftProduction": 62700,
            "totalShiftMaterialUsed": 64200,
            "totalFiberLoss": 2.336448598130841
        },
        "_id": "6189b29f4ab34dfd17af0d57",
        "date": "1995-12-17T08:00:00.000Z",
        "millManager": "Jorge",
        "coalUsed": 3000,
        "electricityConsumed": 212000,
        "starchConsumed": 200,
        "polycationicConsumed": 250,
        "akdConsumed": 300,
        "antifoamConsumed": 220,
        "dispro51Consumed": 222,
        "timeLost": 4,
        "createdAt": "2021-11-08T23:28:31.328Z",
        "updatedAt": "2021-11-08T23:28:31.328Z",
        "__v": 0,
        "id": "6189b29f4ab34dfd17af0d57"
    },
    {
        "shiftProduction": {
            "firstShift": {
                "materialType": {
                    "starched": true,
                    "weight": 180
                },
                "shiftManager": "Arcila",
                "materialProduced": 19900,
                "rawMaterialConsumed": 21000,
                "_id": "6189b2e3344000f84f7c7a1f",
                "fiberLoss": 5.238095238095238,
                "id": "6189b2e3344000f84f7c7a1f"
            },
            "secondShift": {
                "materialType": {
                    "starched": false,
                    "weight": 160
                },
                "shiftManager": "Pepe",
                "materialProduced": 21900,
                "rawMaterialConsumed": 22100,
                "_id": "6189b2e3344000f84f7c7a20",
                "fiberLoss": 0.904977375565611,
                "id": "6189b2e3344000f84f7c7a20"
            },
            "thirdShift": {
                "materialType": {
                    "starched": true,
                    "weight": 140
                },
                "shiftManager": "Jose",
                "materialProduced": 20900,
                "rawMaterialConsumed": 21100,
                "_id": "6189b2e3344000f84f7c7a21",
                "fiberLoss": 0.9478672985781991,
                "id": "6189b2e3344000f84f7c7a21"
            },
            "totalShiftProduction": 62700,
            "totalShiftMaterialUsed": 64200,
            "totalFiberLoss": 2.336448598130841
        },
        "_id": "6189b2e3344000f84f7c7a1e",
        "date": "1995-11-17T08:00:00.000Z",
        "millManager": "Jorge",
        "coalUsed": 3000,
        "electricityConsumed": 212000,
        "starchConsumed": 200,
        "polycationicConsumed": 250,
        "akdConsumed": 300,
        "antifoamConsumed": 220,
        "dispro51Consumed": 222,
        "timeLost": 4,
        "createdAt": "2021-11-08T23:29:39.431Z",
        "updatedAt": "2021-11-08T23:29:39.431Z",
        "__v": 0,
        "id": "6189b2e3344000f84f7c7a1e"
    },
    {
        "shiftProduction": {
            "firstShift": {
                "materialType": {
                    "starched": true,
                    "weight": 180
                },
                "shiftManager": "Arcila",
                "materialProduced": 19900,
                "rawMaterialConsumed": 21000,
                "_id": "6189b308344000f84f7c7a33",
                "fiberLoss": 5.238095238095238,
                "id": "6189b308344000f84f7c7a33"
            },
            "secondShift": {
                "materialType": {
                    "starched": false,
                    "weight": 160
                },
                "shiftManager": "Pepe",
                "materialProduced": 21900,
                "rawMaterialConsumed": 22100,
                "_id": "6189b308344000f84f7c7a34",
                "fiberLoss": 0.904977375565611,
                "id": "6189b308344000f84f7c7a34"
            },
            "thirdShift": {
                "materialType": {
                    "starched": true,
                    "weight": 140
                },
                "shiftManager": "Jose",
                "materialProduced": 20900,
                "rawMaterialConsumed": 21100,
                "_id": "6189b308344000f84f7c7a35",
                "fiberLoss": 0.9478672985781991,
                "id": "6189b308344000f84f7c7a35"
            },
            "totalShiftProduction": 62700,
            "totalShiftMaterialUsed": 64200,
            "totalFiberLoss": 2.336448598130841
        },
        "_id": "6189b308344000f84f7c7a32",
        "date": "1995-11-16T08:00:00.000Z",
        "millManager": "Jorge",
        "coalUsed": 3000,
        "electricityConsumed": 212000,
        "starchConsumed": 200,
        "polycationicConsumed": 250,
        "akdConsumed": 300,
        "antifoamConsumed": 220,
        "dispro51Consumed": 222,
        "timeLost": 4,
        "createdAt": "2021-11-08T23:30:16.829Z",
        "updatedAt": "2021-11-08T23:30:16.829Z",
        "__v": 0,
        "id": "6189b308344000f84f7c7a32"
    },
    {
        "shiftProduction": {
            "firstShift": {
                "materialType": {
                    "starched": true,
                    "weight": 180
                },
                "shiftManager": "Arcila",
                "materialProduced": 19900,
                "rawMaterialConsumed": 21000,
                "_id": "6189b399dd195f032ab24515",
                "fiberLoss": 5.238095238095238,
                "id": "6189b399dd195f032ab24515"
            },
            "secondShift": {
                "materialType": {
                    "starched": false,
                    "weight": 160
                },
                "shiftManager": "Pepe",
                "materialProduced": 21900,
                "rawMaterialConsumed": 22100,
                "_id": "6189b399dd195f032ab24516",
                "fiberLoss": 0.904977375565611,
                "id": "6189b399dd195f032ab24516"
            },
            "thirdShift": {
                "materialType": {
                    "starched": true,
                    "weight": 140
                },
                "shiftManager": "Jose",
                "materialProduced": 20900,
                "rawMaterialConsumed": 21100,
                "_id": "6189b399dd195f032ab24517",
                "fiberLoss": 0.9478672985781991,
                "id": "6189b399dd195f032ab24517"
            },
            "totalShiftProduction": 62700,
            "totalShiftMaterialUsed": 64200,
            "totalFiberLoss": 2.336448598130841
        },
        "_id": "6189b399dd195f032ab24514",
        "date": "2018-12-30T08:00:00.000Z",
        "millManager": "Jorge",
        "coalUsed": 3000,
        "electricityConsumed": 212000,
        "starchConsumed": 200,
        "polycationicConsumed": 250,
        "akdConsumed": 300,
        "antifoamConsumed": 220,
        "dispro51Consumed": 222,
        "timeLost": 4,
        "createdAt": "2021-11-08T23:32:41.523Z",
        "updatedAt": "2021-11-08T23:32:41.523Z",
        "__v": 0,
        "id": "6189b399dd195f032ab24514"
    },
    {
        "shiftProduction": {
            "firstShift": {
                "materialType": {
                    "starched": true,
                    "weight": 180
                },
                "shiftManager": "Arcila",
                "materialProduced": 19900,
                "rawMaterialConsumed": 21000,
                "_id": "6189b3d77db03c623f532dd9",
                "fiberLoss": 5.238095238095238,
                "id": "6189b3d77db03c623f532dd9"
            },
            "secondShift": {
                "materialType": {
                    "starched": false,
                    "weight": 160
                },
                "shiftManager": "Pepe",
                "materialProduced": 21900,
                "rawMaterialConsumed": 22100,
                "_id": "6189b3d77db03c623f532dda",
                "fiberLoss": 0.904977375565611,
                "id": "6189b3d77db03c623f532dda"
            },
            "thirdShift": {
                "materialType": {
                    "starched": true,
                    "weight": 140
                },
                "shiftManager": "Jose",
                "materialProduced": 20900,
                "rawMaterialConsumed": 21100,
                "_id": "6189b3d77db03c623f532ddb",
                "fiberLoss": 0.9478672985781991,
                "id": "6189b3d77db03c623f532ddb"
            },
            "totalShiftProduction": 62700,
            "totalShiftMaterialUsed": 64200,
            "totalFiberLoss": 2.336448598130841
        },
        "_id": "6189b3d77db03c623f532dd8",
        "date": "2018-12-31T00:00:00.000Z",
        "millManager": "Jorge",
        "coalUsed": 3000,
        "electricityConsumed": 212000,
        "starchConsumed": 200,
        "polycationicConsumed": 250,
        "akdConsumed": 300,
        "antifoamConsumed": 220,
        "dispro51Consumed": 222,
        "timeLost": 4,
        "createdAt": "2021-11-08T23:33:43.119Z",
        "updatedAt": "2021-11-08T23:33:43.119Z",
        "__v": 0,
        "id": "6189b3d77db03c623f532dd8"
    },
    {
        "shiftProduction": {
            "firstShift": {
                "materialType": {
                    "starched": true,
                    "weight": 180
                },
                "shiftManager": "Arcila",
                "materialProduced": 19900,
                "rawMaterialConsumed": 21000,
                "_id": "6189b4aebfcc852bf6f10d7b",
                "fiberLoss": 5.238095238095238,
                "id": "6189b4aebfcc852bf6f10d7b"
            },
            "secondShift": {
                "materialType": {
                    "starched": false,
                    "weight": 160
                },
                "shiftManager": "Pepe",
                "materialProduced": 21900,
                "rawMaterialConsumed": 22100,
                "_id": "6189b4aebfcc852bf6f10d7c",
                "fiberLoss": 0.904977375565611,
                "id": "6189b4aebfcc852bf6f10d7c"
            },
            "thirdShift": {
                "materialType": {
                    "starched": true,
                    "weight": 140
                },
                "shiftManager": "Jose",
                "materialProduced": 20900,
                "rawMaterialConsumed": 21100,
                "_id": "6189b4aebfcc852bf6f10d7d",
                "fiberLoss": 0.9478672985781991,
                "id": "6189b4aebfcc852bf6f10d7d"
            },
            "totalShiftProduction": 62700,
            "totalShiftMaterialUsed": 64200,
            "totalFiberLoss": 2.336448598130841
        },
        "_id": "6189b4aebfcc852bf6f10d7a",
        "date": "2018-12-01T08:00:00.000Z",
        "millManager": "Jorge",
        "coalUsed": 3000,
        "electricityConsumed": 212000,
        "starchConsumed": 200,
        "polycationicConsumed": 250,
        "akdConsumed": 300,
        "antifoamConsumed": 220,
        "dispro51Consumed": 222,
        "timeLost": 4,
        "createdAt": "2021-11-08T23:37:18.899Z",
        "updatedAt": "2021-11-08T23:37:18.899Z",
        "__v": 0,
        "id": "6189b4aebfcc852bf6f10d7a"
    },
    {
        "shiftProduction": {
            "firstShift": {
                "materialType": {
                    "starched": true,
                    "weight": 180
                },
                "shiftManager": "Arcila",
                "materialProduced": 19900,
                "rawMaterialConsumed": 21000,
                "_id": "6189b4b7bfcc852bf6f10d80",
                "fiberLoss": 5.238095238095238,
                "id": "6189b4b7bfcc852bf6f10d80"
            },
            "secondShift": {
                "materialType": {
                    "starched": false,
                    "weight": 160
                },
                "shiftManager": "Pepe",
                "materialProduced": 21900,
                "rawMaterialConsumed": 22100,
                "_id": "6189b4b7bfcc852bf6f10d81",
                "fiberLoss": 0.904977375565611,
                "id": "6189b4b7bfcc852bf6f10d81"
            },
            "thirdShift": {
                "materialType": {
                    "starched": true,
                    "weight": 140
                },
                "shiftManager": "Jose",
                "materialProduced": 20900,
                "rawMaterialConsumed": 21100,
                "_id": "6189b4b7bfcc852bf6f10d82",
                "fiberLoss": 0.9478672985781991,
                "id": "6189b4b7bfcc852bf6f10d82"
            },
            "totalShiftProduction": 62700,
            "totalShiftMaterialUsed": 64200,
            "totalFiberLoss": 2.336448598130841
        },
        "_id": "6189b4b7bfcc852bf6f10d7f",
        "date": "2018-09-01T07:00:00.000Z",
        "millManager": "Jorge",
        "coalUsed": 3000,
        "electricityConsumed": 212000,
        "starchConsumed": 200,
        "polycationicConsumed": 250,
        "akdConsumed": 300,
        "antifoamConsumed": 220,
        "dispro51Consumed": 222,
        "timeLost": 4,
        "createdAt": "2021-11-08T23:37:27.703Z",
        "updatedAt": "2021-11-08T23:37:27.703Z",
        "__v": 0,
        "id": "6189b4b7bfcc852bf6f10d7f"
    },
    {
        "shiftProduction": {
            "firstShift": {
                "materialType": {
                    "starched": true,
                    "weight": 160
                },
                "shiftManager": "andres",
                "materialProduced": 21000,
                "rawMaterialConsumed": 22000,
                "_id": "618df3fb88ab402b5562139b",
                "fiberLoss": 4.545454545454546,
                "id": "618df3fb88ab402b5562139b"
            },
            "secondShift": {
                "materialType": {
                    "starched": false,
                    "weight": 160
                },
                "shiftManager": "jose",
                "materialProduced": 22000,
                "rawMaterialConsumed": 22300,
                "_id": "618df3fb88ab402b5562139c",
                "fiberLoss": 1.345291479820628,
                "id": "618df3fb88ab402b5562139c"
            },
            "thirdShift": {
                "materialType": {
                    "starched": true,
                    "weight": 150
                },
                "shiftManager": "carlos",
                "materialProduced": 20500,
                "rawMaterialConsumed": 21000,
                "_id": "618df3fb88ab402b5562139d",
                "fiberLoss": 2.380952380952381,
                "id": "618df3fb88ab402b5562139d"
            },
            "totalShiftProduction": 63500,
            "totalShiftMaterialUsed": 65300,
            "totalFiberLoss": 2.756508422664625
        },
        "_id": "618df3fb88ab402b5562139a",
        "date": "2021-11-04T00:00:00.000Z",
        "millManager": "Arcila",
        "coalUsed": 500,
        "electricityConsumed": 2100000,
        "starchConsumed": 300,
        "polycationicConsumed": 320,
        "akdConsumed": 520,
        "antifoamConsumed": 410,
        "dispro51Consumed": 500,
        "timeLost": 5,
        "createdAt": "2021-11-12T04:56:27.769Z",
        "updatedAt": "2021-11-12T04:56:27.769Z",
        "__v": 0,
        "id": "618df3fb88ab402b5562139a"
    },
    {
        "shiftProduction": {
            "firstShift": {
                "materialType": {
                    "starched": true,
                    "weight": 160
                },
                "shiftManager": "andres",
                "materialProduced": 21000,
                "rawMaterialConsumed": 22000,
                "_id": "618df40b88ab402b556213a5",
                "fiberLoss": 4.545454545454546,
                "id": "618df40b88ab402b556213a5"
            },
            "secondShift": {
                "materialType": {
                    "starched": false,
                    "weight": 160
                },
                "shiftManager": "jose",
                "materialProduced": 22000,
                "rawMaterialConsumed": 22300,
                "_id": "618df40b88ab402b556213a6",
                "fiberLoss": 1.345291479820628,
                "id": "618df40b88ab402b556213a6"
            },
            "thirdShift": {
                "materialType": {
                    "starched": true,
                    "weight": 150
                },
                "shiftManager": "carlos",
                "materialProduced": 20500,
                "rawMaterialConsumed": 21000,
                "_id": "618df40b88ab402b556213a7",
                "fiberLoss": 2.380952380952381,
                "id": "618df40b88ab402b556213a7"
            },
            "totalShiftProduction": 63500,
            "totalShiftMaterialUsed": 65300,
            "totalFiberLoss": 2.756508422664625
        },
        "_id": "618df40b88ab402b556213a4",
        "date": "2021-11-05T00:00:00.000Z",
        "millManager": "Arcila",
        "coalUsed": 500,
        "electricityConsumed": 2100000,
        "starchConsumed": 300,
        "polycationicConsumed": 320,
        "akdConsumed": 520,
        "antifoamConsumed": 410,
        "dispro51Consumed": 500,
        "timeLost": 5,
        "createdAt": "2021-11-12T04:56:43.961Z",
        "updatedAt": "2021-11-12T04:56:43.961Z",
        "__v": 0,
        "id": "618df40b88ab402b556213a4"
    }
]
    </code>
  </pre>
</div>
`;
